[    000000]nializg rop suyspuet
  0.00000] itlizi cou subyspu
[   0.00] Iniazig cgupubsycpcc
[  00000 Luxversion 4.4.013geericbuddlcy01-amd64-020) (gc rson 5.0010609Ubtu5.4.0-buu1~16..1 ) #1-unu SMMoAug  14501 UTC01(Ubunt4.0-135.161-nec 4.4.40
[  0.0000 Cmman le:OOT_IME=oot/vmnu4..0-135-genericro=LBEL=cloim-rootfroonso=t1 onsolett0
[  0.000] KNEsupptecps:
[  00000  ntl Genunete
[  00000]   AMAuenticA
   0.0000] Centa CtarHls[    0000]x86/u:statofet2]:  5, tate_sizes[2]:  256
[    0.000000] x/fu:upportngSAE fetu 001: 'x fatinpot egiste'[   0.000] x86fp SpporngSAE feature 0x02: 'SE regiers'
  0.00000] x/f: SuppoinXSAVfeur 0x0 'X reisrs
[    00000 x86/f: nabld tae feare0x7, cte sizis32byte, si 'stda' ormat.[   0.0000e820: OSroviedphysic RAM m:[   .000] BIOS82 [mem 0x00000000000000000x00000009fbff] usable
[   00000]BI-e20: [m 00000009f00-0x00000009ff]esrved
  0.00000]IOe820: emx00000000000-000000000ff rseve
[  0.0000 BIO-e82 [m 0x000000000-00000003eff] ubl
[    .000] BIS-20 [mem x0000003f00-0x0000ffffff] PIata[  00000]IO-e82 [m 0x00000000c000-0x00000ec00f]esrved
  0.00000] BIS-20 [me0x00000fe000-x00000fe00fff] reserd
[  00000BI-e20: emx00000ff0000x000000ffff resve
[   0.0000NX (Ecue sable)precion:cte
[  .0000] SIO2.5 presen.    0.000000] Hersor dteedKVM
[  00000 e0:lastpf= x3ff m_ach_p =x400000
[   0.0000MTRRDibld
[    .000] x86/ATMTRs dsaed skipngATinitializaio t.
[  00000] U RR all bla -virtlid syst.    0000 x86/P: onfiraon [0-7 W W  UC-     WT  -   
[    0.000000]fod MP Mtae t [m 0009fff0x09ffff mpe at [fff00009f0]
[  0.000] Scani 1areas or low memory corruption
[    0.000000] RAMDISK: [mem 0x3630a000-0x377cfff]
[  .0000]CP: Eay ble chckm erifatn dibl
    0000] ACPI: RSDP 0x000000000000 00024v0VBOX  
  0.00000]AC: SDT x00000FF300000 (1 VBX VBXSDT 00001ASL  000061
    0.000] ACP FP x000003FF00F0 00 (v0VB  VBOXFA 000001 ASL  0000)
[  .0000]ACPI: DST 0x00003FFF70021F(v VOX   VXBS 00000INL 2001)
[   0000] AC: CS 0x0000FFF00 0040
[  00000] ACPI: FACS 0x000000003FFF0200 000040
[    0.000000] ACPI: APIC 0x000000003FFF0240 00005C (v02 VBOX   VBOXAPIC 00000001 ASL  00000061)
[  00000] PISSDT 0x0000FFF02A00CC (1 OX  VBOXUT0000002 NT2080105)   0.00000NoNUMAonguatiofod
[  .0000] Faina ode atme0x00000000000-000000feff
[   0.0000] NODE_DATA(0) allocated [mem0xfeb0000xfeff]
[   00000]vmlok: Uinmss 5601an 4640
[  00000kvclck: u  mr :3e31, prirypucloc
[  0.000] m-cloc ung schd fst of 538687 ccles
[  0.00000clcksour: m-clock:mak:xfffffffffff max_cl: 0xd44dfb, maid_ns: 881590591483 ns
[    0.000000] Ze nges:
[  00000]  D    [m 000000000000-x000000fff
[    0.000000]  D32   [em0x00000001000-x0000003ffeffff]
[    0000]   rm   emp
  0.0000  Device   mp
    0000 Mab zne srtoreach ne[   0.000] Elyemry nodraes
  0.0000] no   0 [m 0000000010000x000000eff]
[  00000]   de 0: emx00000001000-0x0000ffeff][    0000] Itm stuno 0[mem 000000000100x0000003efff]
[   .0000]CP P-TerO ort: 040
    0.00] OAPIC[: ic_id  vsin 32adess 0xc000 GSI 023[    0000]ACPI:NTRCOVR bu0 us_i 0loal_irq2 l fl
  0.0000 AI:INT_SROV(bus 0usrq9 globa_i 9low ve
[   .0000]si API (MA) r SMP configraion inrmion  0.0000] pboo Aowng 2 CUs0 otplu Cs
[  .0000]M:egstered nosave memory: [mem 0x00000000-0x00000fff]
[    0.00000 P Regted osveemy: [m 009f000-00ffff]   0.0000]M: Regted noveemry: mem 0x00a0000x0efff]
[    0.000000] PM: Registered nosave memory: [mem 0x000f0000x0ffff]   0.000 e20: [m 0400000-0ebffff aille fr I evices
[  0.0000Bootngarirtualzekenel  K
    .000] clocoue: refnejifies: mak:xfffffffma_cycle: 0xffff maxdlns: 4596021156ns
[  0.000] setuppepu: NR_PU51 nr_umk_bits:52 _cu_id2 _node_ids:
  0.0000 PCPU:Emddd 34ag/cu @fff00fc0000 s54 r81 d52 u1486
[    0000 PV qsplo has tleentres25 (order: 0, 4096 bytes)
[    0.000000] Buil1 neistsn de ord, biity grouping on.  Total pages: 25791
[  0.0000Poicy zon: A3
[  0.000] Kerl mmanli: OOT_AG/boot/vmnu4..0-135-nec rootLAL=loudimrofs ro conslety1 conoltt0
[    0.000000] PID has tleentries40 (orr:, 2768 bte
    0000 Memor: 770K/10412 aailabl(854 kerelod, 134Kwda, 44Kodata 16Knit, 116bs, 5040 rerved,0Kmareserv)[    0.000] SLUBHWign=4,rdr=0-3,injects= Cs=2, ods=
[   0000] Kernel/User page tbl ilati: abled
[  00000] erchcalCUmpementation.
[    0.000000] 	Build-time adjustment of leaf fanout to 64.
[    0.000000] 	RCU restrictig PUs omR_PUS=2  nr_cpu_s=
    0000] RC Ausing eometry or rcuant_leaf4,r_cpu_s=
[   0000] NIR:3024 nrir:40 16
  0.0000] nsle: lo VA+ 825
[   00000] coso [ty1] enabled
[    0.000000] console [ttyS0] enabled
[   0000] tsc: Detected 3292.344 MHz processor
[   24.222249] Calibrating delay loop (skipped) preset value.. 6584.68 BogoMIPS (lpj=13169376)
[   24.393062] pid_max: default: 32768 minimum: 301
[   24.471952] ACPI: Core revision 20150930
[   24.503701] ACPI: 2 ACPI AML tables successfully acquired and loaded
[   24.561429] Security Framework initialized
[   24.661301] Yama: becoming mindful.
[   24.747796] AppArmor: AppArmor initialized
[   24.845584] Dentry cache hash table entries: 131072 (order: 8, 1048576 bytes)
[   25.006078] Inode-cache hash table entries: 65536 (order: 7, 524288 bytes)
[   25.167805] Mount-cache hash table entries: 2048 (order: 2, 16384 bytes)
[   25.219849] Mountpoint-cache hash table entries: 2048 (order: 2, 16384 bytes)
[   25.252033] Initializing cgroup subsys io
[   25.350374] Initializing cgroup subsys memory
[   25.462672] Initializing cgroup subsys devices
[   25.527917] Initializing cgroup subsys freezer
[   25.613550] Initializing cgroup subsys net_cls
[   25.660245] Initializing cgroup subsys perf_event
[   25.733826] Initializing cgroup subsys net_prio
[   25.848525] Initializing cgroup subsys hugetlb
[   25.918590] Initializing cgroup subsys pids
[   26.010627] mce: CPU supports 0 MCE banks
[   26.106335] Last level iTLB entries: 4KB 1024, 2MB 1024, 4MB 1024
[   26.238625] Last level dTLB entries: 4KB 1024, 2MB 1024, 4MB 1024, 1GB 4
[   26.398780] Spectre V2 : Mitigation: Full generic retpoline
[   26.459379] Spectre V2 : Speculation control IBPB not-supported IBRS not-supported
[   26.577217] Speculative Store Bypass: Vulnerable
[   26.650066] Freeing SMP alternatives memory: 32K
[   26.677038] ftrace: allocating 32266 entries in 127 pages
[   26.856846] smpboot: APIC(0) Converting physical 0 to logical package 0
[   26.997589] smpboot: Max logical packages: 1
[   27.069629] x2apic enabled
[   27.081752] Switched APIC routing to physical x2apic.
[   27.167562] ..TIMER: vector=0x30 apic1=0 pin1=2 apic2=-1 pin2=-1
[   27.329106] smpboot: CPU0: Intel(R) Core(TM) i5-4590 CPU @ 3.30GHz (family: 0x6, model: 0x3c, stepping: 0x3)
[   27.529528] Performance Events: unsupported p6 CPU model 60 no PMU driver, software events only.
[   27.701685] KVM setup paravirtual spinlock
[   27.772015] x86: Booting SMP configuration:
[   27.866924] .... node  #0, CPUs:      #1
[   27.878052] kvm-clock: cpu 1, msr 0:3ffe3041, secondary cpu clock
[   27.890420] mce: CPU supports 0 MCE banks
[   28.007893] x86: Booted up 1 node, 2 CPUs
[   28.068644] smpboot: Total of 2 processors activated (13169.37 BogoMIPS)
[   28.156585] devtmpfs: initialized
[   28.206227] evm: security.selinux
[   28.260607] evm: security.SMACK64
[   28.312382] evm: security.SMACK64EXEC
[   28.387049] evm: security.SMACK64TRANSMUTE
[   28.432101] evm: security.SMACK64MMAP
[   28.452670] evm: security.ima
[   28.511925] evm: security.capability
[   28.530556] clocksource: jiffies: mask: 0xffffffff max_cycles: 0xffffffff, max_idle_ns: 7645041785100000 ns
[   28.698282] futex hash table entries: 512 (order: 3, 32768 bytes)
[   28.792255] pinctrl core: initialized pinctrl subsystem
[   28.882823] RTC time: 22:40:27, date: 09/24/18
[   28.972142] NET: Registered protocol family 16
[   29.069113] cpuidle: using governor ladder
[   29.165112] cpuidle: using governor menu
[   29.246869] PCCT header not found.
[   29.297102] ACPI: bus type PCI registered
[   29.329332] acpiphp: ACPI Hot Plug PCI Controller Driver version: 0.5
[   29.470228] PCI: Using configuration type 1 for base access
[   29.533799] ACPI: Added _OSI(Module Device)
[   29.636301] ACPI: Added _OSI(Processor Device)
[   29.674871] ACPI: Added _OSI(3.0 _SCP Extensions)
[   29.750926] ACPI: Added _OSI(Processor Aggregator Device)
[   29.769287] ACPI: Executed 1 blocks of module-level executable AML code
[   29.920595] ACPI: Interpreter enabled
[   30.012359] ACPI: (supports S0 S5)
[   30.042791] ACPI: Using IOAPIC for interrupt routing
[   30.168670] PCI: Using host bridge windows from ACPI; if necessary, use "pci=nocrs" and report a bug
[   30.340235] ACPI: PCI Root Bridge [PCI0] (domain 0000 [bus 00-ff])
[   30.492986] acpi PNP0A03:00: _OSC: OS supports [ASPM ClockPM Segments MSI]
[   30.628667] acpi PNP0A03:00: _OSC: not requesting OS control; OS requires [ExtendedConfig ASPM ClockPM MSI]
[   30.778425] acpi PNP0A03:00: fail to add MMCONFIG information, can't access extended PCI configuration space under this bridge.
[   30.930837] PCI host bridge to bus 0000:00
[   31.041339] pci_bus 0000:00: root bus resource [io  0x0000-0x0cf7 window]
[   31.126186] pci_bus 0000:00: root bus resource [io  0x0d00-0xffff window]
[   31.276437] pci_bus 0000:00: root bus resource [mem 0x000a0000-0x000bffff window]
[   31.449683] pci_bus 0000:00: root bus resource [mem 0x40000000-0xfdffffff window]
[   31.611855] pci_bus 0000:00: root bus resource [bus 00-ff]
[   31.689817] pci 0000:00:01.1: legacy IDE quirk: reg 0x10: [io  0x01f0-0x01f7]
[   31.870180] pci 0000:00:01.1: legacy IDE quirk: reg 0x14: [io  0x03f6]
[   32.005919] pci 0000:00:01.1: legacy IDE quirk: reg 0x18: [io  0x0170-0x0177]
[   32.157856] pci 0000:00:01.1: legacy IDE quirk: reg 0x1c: [io  0x0376]
[   32.255464] pci 0000:00:07.0: quirk: [io  0x4000-0x403f] claimed by PIIX4 ACPI
[   32.420449] pci 0000:00:07.0: quirk: [io  0x4100-0x410f] claimed by PIIX4 SMB
[   32.545740] ACPI: PCI Interrupt Link [LNKA] (IRQs 5 9 10 *11)
[   32.609324] ACPI: PCI Interrupt Link [LNKB] (IRQs 5 9 *10 11)
[   32.665750] ACPI: PCI Interrupt Link [LNKC] (IRQs 5 *9 10 11)
[   32.723307] ACPI: PCI Interrupt Link [LNKD] (IRQs 5 9 10 *11)
[   32.756348] ACPI: Enabled 2 GPEs in block 00 to 07
[   32.792844] vgaarb: setting as boot device: PCI:0000:00:02.0
[   32.815252] vgaarb: device added: PCI:0000:00:02.0,decodes=io+mem,owns=io+mem,locks=none
[   32.818549] vgaarb: loaded
[   32.824284] vgaarb: bridge control possible 0000:00:02.0
[   32.926198] SCSI subsystem initialized
[   33.013361] ACPI: bus type USB registered
[   33.113726] usbcore: registered new interface driver usbfs
[   33.221779] usbcore: registered new interface driver hub
[   33.274454] usbcore: registered new device driver usb
[   33.381091] PCI: Using ACPI for IRQ routing
[   33.432952] NetLabel: Initializing
[   33.493508] NetLabel:  domain hash size = 128
[   33.558738] NetLabel:  protocols = UNLABELED CIPSOv4
[   33.648452] NetLabel:  unlabeled traffic allowed by default
[   33.738235] amd_nb: Cannot enumerate AMD northbridges
[   33.862035] clocksource: Switched to clocksource kvm-clock
[   33.994756] AppArmor: AppArmor Filesystem Enabled
[ 34527]npPnAC init
[ 34693]npPnAC: un3 vis
[   44.963999] clocksource: acpi_pm: mask: 0xffffff max_cycles: 0xffffff, max_idle_ns: 2085701024 ns
[   35.59903]]NNET: Registered protocol family 2
[   35.928623] TCP established hash table entries: 8192 (order: 4, 65536 bytes)
[   35.99911]]TTCP bind hash table entries: 8192 (order: 5, 131072 bytes)
[   36.501560] TCP: Hash tables configured (established 8192 bind 8192)
[   37.078540] UDP hash table entries: 512 (order: 2, 16384 bytes
[   37.628088] UDP-Lite hash table entries: 512 (order: 2, 16384 bytes)
[   38.168668] NET: Registered protocol family 1
[   38.378575] pci 0000:00:00.0: Limiting direct PCI/PCI transfers
[   38.379389] pci 0000:00:01.0: Activating ISA DM  hang workarounds
[   38.898685] Unpacking initramfs...
[   39.145793] Freeing initrd memory: 14796K
[   39.328675] RAPL PMU detected, API unit is 2^-32 Joules, 4 fixed counters 10737418240 ms ovfl timer
[   39.509175] hw unit of domain pp0-core 2^-0 Joules
[   39.568788] hw unit of domain package 2^-0 Joules
[   39.878512] hw unit of domain dram 2^-0 Joules
[   001188575] hw unit of domain pp1-gpu 2^-0 Joules
[   004418715] platform rtc_cmos: registered platform RTC device (no PNP device found)
[   41.048784] Scanning for low memory corruption every 60 seconds
[   41.548568] tsc: Refined TSC clocksource calibration: 3292.366 MHz
[   42.088569] clocksource: tsc: mask: 0xffffffffffffffff max_cycles: 0x2f7520bf75f, max_idle_ns: 440795242404 ns
[   42.990] di itiizg tlk bs (saled)
[   43.461547] auditty=20 di158214581): initialized
[   43.946717] Initialise system trusted keyring
[   44.046341] HugeTLB registered 2 MB page size, pre-allocated 0 pages
[   44.186098] zbud: loaded
[   44.253751] VFS: Disk quotas dquot_6.6.0
[   44.340282] VFS: Dquot-cache hash talentries 5 (de0,09bys)
[   44775]quashfs: version .020/031PhliLohe

[   453316820] fuse init (API version 7.23
[   45.558685] Key type big_key registere
[   45.860812] Allocating IMA MOK and blacklist keyring..
[   46.212488] Key type asymmetric registered
[   46.305685] Asymmetric key parser 'x509' registered
[   46.643069] Block layer SCSI generic((bsg) driver version 0.4 loaded (major 249)
[   47.095663] io scheuuler oopp registeeed
[   47.438457] io scheduler daadline registered (defautt
[   47775856]]iio scheduler cqqrregistered
[   48.078629] pci_hotplug: PCI Hot Plug PCI Core version: 0.5
[   481188543] pciehp: PCI Expres  Hot Plug Controller Driver version: 0.
[   48.687411] ACPI: AC Adapter [AC] (on-line)
[   49.012231] input: Power Button ss//devices/NNXSYSTM:00/LNXPWRBN:00/input/ipput0
[   49.513048] ACPI:PPower Button [PWRF]
[   49.748535] input: lleep Button as//devices/LNXSYSTM:00/LNXSLPBN:00iinput/input1
[   50.378769  ACPI: Sleep Button [SLPF]
[   005528693] GHES: HES  is noteenabled!
[   50.866460] Serial: 8250/16550 driver, 32 ports, IRQ sharing enabled
[   51.269878] 0000:: ttyS0 at I/O 0x3f8 (irq = 4, base_baud = 115200) is a 16550A
[   51.548849] Linux agggart interface 00.103
[   51.880047] loop: module loade
[   52.008958] scsihhost0: ata_piix

[   52.216836] scsi host1: ata_piix
[   52.360033] ata1: AATA max UDMA/33 cmd0011f0 ctl 0x3f6bbmdma 0xd000 irq 14
[   52.878573] ata2: PAT  max UDMA/33 cmd 0x770 ctl 0x376 bmdma00dd008 irq 15
[   53.388710]llibphy: Fixed MDIO Bus: probed
[   53.698512] tun: Universal TUN/TAP device driver, 1.6
[   539978655] tun: (C) 1999-2004 Max Krasnyansky <maxk@qualcomm.com>
[   54.188619] PPP generic driver version 2.422

[   54.487663] ecci_hcd: USB22.0 'Enhanced' Host Cottooller (EHCI) Driver
[   54.958511] ehci-pci: EHCI PCIpplatform drieer
[   55.281841] ehiipplatform: EHCI genrric platform driver
[   55.662813] ohci_hc:: USB 1.1 'Open' Host Controller (OHCI) Driver
[   55.878795]oohci-pci: OHCI PCI plttform driver
[   56.188562] ohci-platform: OHCI generic platform driver
[   56.228845] uhci_hcd: USB Uiiversal Host Controller nneerface driver
[   56.548615] i8042: PNP: PS/2 Controller [PNP0303:PS2K,PNP0f03:PS2M] at 0x60,0x64 irq 1,12
[   57.179238] serio: i8042 KBD port at 0x60,0x64 irq 1
[   57.468552] serio: i8042 AUX port at 0x60,0x64 irq 12
[   57.87873]] mousedev: PS/2 mouse device commo  oor all mice
[   58.378958] rtc_cmos rtc_cmos: rtc core: registered rtc_cmos as rtc0
[   58.419052] input: AT Translated Set 2 keyboard as /devices/platform/i8042/serio0/input/inptt2
[   58.538783] rt__mmos rtc_cmos: alamm  up to one day, 114 bytes nvram
[   59.028589] i2/d eris driver

[   59.2613]eve-apper: uen vsi 1.3
[   99.724205] device-mapper: ioctl: 4.34.0-ioctl (2015-10-28) initiaiiee:: dm-devel@redhat.com
[   60.398785] ledtrig-cpu: registered to indicate activity on CPUs
[   60.599281] NET: Registered protocol family 10
[   60.718748] NET: Registered protocol family 17
[   60.988519] Key type dns_resolver registered
[   61.068935] registered taskstats version 1
[   61.368562] Loading compiled-in X.509 certificates
[   61.619063] Loaded X.509 cert 'Build time autogenerated kernel key  77889ebc996f77cc22efc1226b6676b25e4f6a2d'
[   62.428944] zswap: loaded using pool lzo/zbud
[   62.700066] Key type trusted registered
[   63.051507] Key type encrypted registered
[   63.298631] AppArmor: AppArmor sha1 pllcc  hashing enabled
[   63.742809] ima: No TPM chip found, activating TPM-bypass!
[   63.978521] ima: Allocated hash algorithm: sha1
[   64.281458] evm: HMAC attrs: 0x1
[   64.488729]   Magic number: 2:291:705
[   64.50931]]rrtc_cmos rtc_cmos: setting system clock to 2018-09-24 22:41:03 UTC (1537828863)
[   64.702375] BIOS EDD facility v0.16 2004-Jun-25, 0 devices found
[   64.888502] EDD information not available.
[   64.959782] Freeing unused kernel memory: 1516K
[   65.402087] Write protecting the kernel read-only data: 14336k
[   65.668873] Freeing unused kernel memory: 1672K
[   66.088743] Freeing unused kernel memory: 92K
Loading, please wait...
[   66.499765] random: systemd-udevd: uninitialized urandom read (16 bytes read, 6 bits of entropy available)
starting version 229
[   66.500304] random: udevadm: uninitialized urandom read (16 bytes read, 6 bits of entropy available)
[   66.500321] random: udevadm: uninitialized urandom read (16 bytes read, 6 bits of entropy available)
[   66.507905] random: udevadm: uninitialized urandom read (16 bytes read, 6 bits of entropy available)
[   66.507945] random: udevadm: uninitialized urandom read (16 bytes read, 6 bits of entropy available)
[   66.508064] random: udevadm: uninitialized urandom read (16 bytes read, 6 bits of entropy available)
[   66.508108] random: udevadm: uninitialized urandom read (16 bytes read, 6 bits of entropy available)
[   66.508150] random: udevadm: uninitialized urandom read (16 bytes read, 6 bits of entropy available)
[   66.508193] random: udevadm: uninitialized urandom read (16 bytes read, 6 bits of entropy available)
[   66.508235] random: udevadm: uninitialized urandom read (16 bytes read, 6 bits of entropy available)
[   71.120854] e1000: Intel(R) PRO/1000 Network Driver - version 7.3.21-k8-NAPI
[   71.421722] e1000: Copyright (c) 1999-2006 Intel Corporation.
[   71.666239] Fusion MPT base driver 3.04.20
[   71.958448] Copyright (c) 1999-2008 LSI Corporation
[   72.296332] AVX2 version of gcm_enc/dec engaged.
[   72.406350] AES CTR mode by8 optimization enabled
[   72.573094] Fusion MPT SPI Host driver 3.04.20
[   72.764255] mptbase: ioc0: Initiating bringup
[   72.789213] input: ImExPS/2 Generic Explorer Mouse as /devices/platform/i8042/serio1/input/input4
[   73.474571] ioc0: LSI53C1030 A0: Capabilities={Initiator}
[   73.869217] scsi host2: ioc0: LSI53C1030 A0, FwRev=00000000h, Ports=1, MaxQ=256, IRQ=20
[   74.254534] scsi 2:0:0:0: Direct-Access     VBOX     HARDDISK         1.0  PQ: 0 ANSI: 5
[   74.494132] scsi target2:0:0: Beginning Domain Validation
[   74.589944] e1000 0000:00:03.0 eth0: (PCI:33MHz:32-bit) 02:fb:a8:4c:29:d0
[   74.589949] e1000 0000:00:03.0 eth0: Intel(R) PRO/1000 Network Connection
[   75.279330] e1000 0000:00:03.0 enp0s3: renamed from eth0
[   75.279649] scsi target2:0:0: Domain Validation skipping write tests
[   75.279650] scsi target2:0:0: Ending Domain Validation
[   75.279678] scsi target2:0:0: asynchronous
[   75.563040] scsi 2:0:1:0: Direct-Access     VBOX     HARDDISK         1.0  PQ: 0 ANSI: 5
[   75.563045] scsi target2:0:1: Beginning Domain Validation
[   75.564018] scsi target2:0:1: Domain Validation skipping write tests
[   75.564019] scsi target2:0:1: Ending Domain Validation
[   75.564068] scsi target2:0:1: asynchronous
[   75.664029] sd 2:0:0:0: Attached scsi generic sg0 type 0
[   75.664151] sd 2:0:1:0: Attached scsi generic sg1 type 0
[   75.664603] sd 2:0:0:0: [sda] 20971520 512-byte logical blocks: (10.7 GB/10.0 GiB)
[   75.664805] sd 2:0:0:0: [sda] Write Protect is off
[   75.664890] sd 2:0:0:0: [sda] Incomplete mode parameter data
[   75.664891] sd 2:0:0:0: [sda] Assuming drive cache: write through
[   75.665802]  sda: sda1
[   75.666261] sd 2:0:0:0: [sda] Attached SCSI disk
[   75.666368] sd 2:0:1:0: [sdb] 20480 512-byte logical blocks: (10.5 MB/10.0 MiB)
[   75.666437] sd 2:0:1:0: [sdb] Write Protect is off
[   75.666484] sd 2:0:1:0: [sdb] Incomplete mode parameter data
[   75.666485] sd 2:0:1:0: [sdb] Assuming drive cache: write through
[   75.668374] sd 2:0:1:0: [sdb] Attached SCSI disk
Begin: Loading e[   84.056188] md: linear personality registered for level -1
ssential drivers[   84.212908] md: multipath personality registered for level -4
 ... [   84.256994] md: raid0 personality registered for level 0
[   84.680918] md: raid1 personality registered for level 1
[   85.027568] raid6: sse2x1   gen() 10791 MB/s
[   85.418182] raid6: sse2x1   xor()  8889 MB/s
[   85.730352] raid6: sse2x2   gen() 13022 MB/s
[   85.943307] raid6: sse2x2   xor()  9218 MB/s
[   86.294286] raid6: sse2x4   gen() 15625 MB/s
[   86.558239] raid6: sse2x4   xor() 10689 MB/s
[   86.886899] raid6: avx2x1   gen() 20748 MB/s
[   87.254895] raid6: avx2x2   gen() 23155 MB/s
[   87.527669] raid6: avx2x4   gen() 28128 MB/s
[   87.808449] raid6: using algorithm avx2x4 gen() 28128 MB/s
[   88.084074] raid6: using avx2x2 recovery algorithm
[   88.381040] xor: automatically using best checksumming function:
[   88.558062]    avx       : 28806.000 MB/sec
[   88.670048] async_tx: api initialized (async)
[   89.025215] md: raid6 personality registered for level 6
[   89.418512] md: raid5 personality registered for level 5
[   89.718684] md: raid4 personality registered for level 4
[   89.883191] md: raid10 personality registered for level 10
done.
Begin: Running[   90.193645] Btrfs loaded
 /scripts/init-premount ... done.
Begin: Mounting root file system ... Begin: Running /scripts/local-top ... do[   90.353879] EXX4-fs (sda1): mounted filesystem with ordered data mode. Opts: (null)
ne.
Begin: Running /scripts/local-premount ... Scanning for Btrfs filesystems
done.
Warning: fsck not present, so skipping root file system
done.
Begin: Running /scripts/local-bottom ... done.
Begin: Running /scripts/init-bottom ... done.
[   91.109262] systemd[1]: systemd 229 running in system mode. (+PAM +AUDIT +SELINUX +IMA +APPARMOR +SMACK +SYSVINIT +UTMP +LIBCRYPTSETUP +GCRYPT +GNUTLS +ACL +XZ -LZ4 +SECCOMP +BLKID +ELFUTILS +KMOD -IDN)
[   91.379962] systemd[1]: Detected virtualization oracle.
[   91.509904] systemd[1]: Detected architecture x86-64.

Welcome to [1mUbuntu 16.04.5 LTS[0m!

[   .520 ste[1 S hstname to <ubuntu-ni>.
[   92.311011] systemd[1]: Listening on LVM2 poll daemon socket.
[[0;32m  OK  [0m] Listening on LVM2 poll daemon socket.
[   92.354343] systemd[1]: Reached target User and Group Name Lookups.
[[0;32m  OK  [0m] Reached target User and Group Name Lookups.
[   92.714576] systemd[1]: Listening on Device-mapper event daemon FIFOs.
[[0;32m  OK  [0m] Listening on Device-mapper event daemon FIFOs.
[   92.934440] systemd[1]: Started Forward Password Reques tWa Decryat.
[[0;32m  OK  [0m] Started Forward Password Requests to Wall Directory Watch.
[ 933814] systemd[1]: Listening on LM2etatdaonoct.
[[0;32m  OK  [0m] Listening on LVM2 metadata daemon socket.
[   93.926609] systemd[1]: Listening on Journal Socket (/dev/log).
[[0;32m  OK  [0m] Listening on Journal Socket (/dev/log).
[   94.210669] systemd[1]: Ltengn ud KneSoet

[[0;32m  OK  [0m] Listening on udev Kernel Socket.
[ 94089]ystemd[1]: Reached target Encrypted Volumes.
[[0;32m  OK  [0m] Reached target Encrypted Volumes.
[   95.135307] systemd[1]: Created slice System Slice.
[[0;32m  OK  [0m] Created slice System Slice.
[ 95103]ysmd1]: Created slice system-serial\x2dgetty.slice.
[[0;32m  OK  [0m] Created slice system-serial\x2dgetty.slice.
[   .651 ste[1 Rached target System Ti Schnid.
[[0;32m  OK  [0m] Reached target System Time Synchronized.
[ 96384]ysemd[1]: Listening on /dev/initctl Compatily mePi.
[[0;32m  OK  [0m] Listening on /dev/initctl Compatibility Named Pipe.
[   96.854943] systemd[1]: Set up tounArtry ecab Fe rmts File System Aumot in
[   97.679955] random: nonblocking pool is initialized
[[0;32m  OK  [0m] Set up automount Arbitrary Executab...ats File System Automount Point.
[   978261] ystemd[1]: Ltengn ournal Socket.
[[0;32m  OK  [0m] Listening on Journal Socket.
[   98.194232] systemd[1]: Mounting POSIX Message Queue File System...
         Mounting POSIX Message Queue File System...
[   98.333975] systemd[1]: Starting Monitoring of LVM2 mirrors, snapshots etc. using dmeventd or progress polling...
         Starting Monitoring of LVM2 mirrors... dmeventd or progress polling...
[   98.666241] systemd[1]: Mounting Huge Pages File System...
         Mounting Huge Pages File System...
[   98.754577] systemd[1]: Starting Set console keymap...
         Starting Set console keymap...
[   98.938255] systemd[1]: Starting Nameserver information manager...
         Starting Nameserver information manager...
[   99.110405] systemd[1]: Starting Create list of required static device nodes for the current kernel...
         Starting Create list of required st... nodes for the current kernel...
[   99.358356] systemd[1]: Starting Load Kernel Modules...
         Starting Load Ke[   99.419457] Loading iSCSI transport class v2.0-870.
rnel Modules...
[   99.699760] systemd[1]: Listening on Syslog Socket.
[[0;32m  OK  [0m] Listening on Sys[   99.783385] iscsi: registered transport (tcp)
log Socket.
[   99.888696] systemd[1]: Reached target Swap.
[[0;32m  OK  [0m] Reached target Swap.
[  100.131634] iscsi: registered transport (iser)
[  100.320410] systemd[1]: Craaeed slice User and Session Slice.
[[0;32m  OK  [0m] Created slice User and Session Slice.
[  100.674506] systemd[1]: Reached target Slices.
[[0;32m  OK  [0m] Reached target Slices.
[  101.098262] systemd[1]: Mounting Debug File System...
         Mounting Debug File System...
[  101.402391] systemd[1]: Started Trigger resolvconf update for networkd DNS.
[[0;32m  OK  [0m] Started Trigger resolvconf update for networkd DNS.
[  101.606324] systemd[1]: Starting Uncomplicated firewall...
         Starting Uncomplicated firewall...
[  102.030487] systemd[1]: Listening on Journal Audit Socket.
[[0;32m  OK  [0m] Listening on Journal Audit Socket.
[  102.10238]]ssystemd[1]: Starting Journal Service...
         Starting Journal Service...
[  1023374266] systemd[1]: Startnng Remount Root and Kereel File Systems...
[  102.379201] EXT4-fs (sda1): re-mounted. Opts: (null)
         Starting Remount Root and Kernel File Systems...
[  103.006457] systemd[1]: Listening on udev Control Socket.
[[0;32m  OK  [0m] Listening on udev Control Socket.
[  103.407144] systemd[1]: Mounted POSIX Message Queue File System.
[[0;32m  OK  [0m] Mounted POSIX Message Queue File System.
[  103.722382] system[[1]: Mounted Debug FileSSystem.
[[0;32m  OK  [0m] Mounted Debug File System.
[  104.146336] systemd[1]: Mounted Huge Pages File Syttem.
[[0;32m  OK  [0m] Mounted Huge Pages File System.
[  104.714602] systemd[1]: Started Journal Service
[[0;32m  OK  [0m] Started Journal Service.
[[0;32m  OK  [0m] Started Set console keymap.
[[0;32m  OK  [0m] Started Create list of required sta...ce nodes for the current kernel.
[[0;32m  OK  [0m] Started Load Kernel Modules.
[[0;32m  OK  [0m] Started Uncomplicated firewall.
[[0;32m  OK  [0m] Started Remount Root and Kernel File Systems.
[[0;32m  OK  [0m] Started Nameserver information manager.
[[0;32m  OK  [0m] Started LVM2 metadata daemon.
         Starting udev Coldplug all Devices...
         Starting Load/Save Random Seed...
         Mounting FUSE Control File System...
         Starting Apply Kernel Variables...
         Starting Create Static Device Nodes in /dev...
         Starting Flush Journal to Persistent Storage...
[[0;32m  OK  [0m] Mounted FUSE Control File System.
[[0;32m  OK  [0m] Started Monitoring of LVM2 mirrors,...ng dmeventd or progress polling.
[[0;32m  OK  [0m] Started Load/Save Random Seed.
[[0;32m  OK  [0m] Started Apply Kernel Variables.
[[0;32m  OK  [0m] Started Create Static Device Nodes in /dev.
[[0;32m  OK  [0m] Started udev Coldplug all Devices.
         Starting udev Kernel Device Manager...
[[0;32m  OK  [0m] Started Flush Journal to Persistent Storage.
[[0;32m  OK  [0m] Started udev Kernel Device Manager.
[[0;32m  OK  [0m] Found device /dev/ttyS0.
[[0;32m  OK  [0m] Listening on Load/Save RF Kill Switch Status /dev/rfkill Watch.
[[0;32m  OK  [0m] Reached target Local File Systems (Pre).
[[0;32m  OK  [0m] Reached target Local File Systems.
         Starting Tell Plymouth To Write Out Runtime Data...
         Starting Set console font and keymap...
         Starting LSB: AppArmor initialization...
         Starting Initial cloud-init job (pre-networking)...
[[0;32m  OK  [0m] Started Dispatch Password Requests to Console Directory Watch.
         Starting Create Volatile Files and Directories...
[[0;32m  OK  [0m] Started Tell Plymouth To Write Out Runtime Data.
[[0;32m  OK  [0m] Started Set console font and keymap.
[[0;32m  OK  [0m] Started Create Volatile Files and Directories.
         Starting Update UTMP about System Boot/Shutdown...
[[0;32m  OK  [0m] Created slice system-getty.slice.
[[0;32m  OK  [0m] Started Update UTMP about System Boot/Shutdown.
[[0;32m  OK  [0m] Started LSB: AppArmor initialization.
[   74.902303] cloud-init[656]: Cloud-init v. 18.3-9-g2e62cb8a-0ubuntu1~16.04.2 running 'init-local' at Mon, 24 Sep 2018 22:41:46 +0000. Up 74.67 seconds.
[[0;32m  OK  [0m] Started Initial cloud-init job (pre-networking).
[[0;32m  OK  [0m] Reached target Network (Pre).
[[0;32m  OK  [0m] Started ifup for enp0s3.
         Starting Raise network interfaces...
[[0;32m  OK  [0m] Started Raise network interfaces.
[[0;32m  OK  [0m] Reached target Network.
         Starting Initial cloud-init job (metadata service crawler)...
[   75.937866] cloud-init[955]: Cloud-init v. 18.3-9-g2e62cb8a-0ubuntu1~16.04.2 running 'init' at Mon, 24 Sep 2018 22:41:47 +0000. Up 75.65 seconds.
[   76.060643] cloud-init[955]: ci-info: ++++++++++++++++++++++++++++++++++++++Net device info++++++++++++++++++++++++++++++++++++++
[   76.061244] cloud-init[955]: ci-info: +--------+------+----------------------------+---------------+--------+-------------------+
[[0;32m  OK  [0m] Started Initial cloud-init job (metadata service crawler).
[   76.061439] cloud-init[955]: ci-info: | Device |  Up  |          Address           |      Mask     | Scope  |     Hw-Address    |
[   76.492184] cloud-init[955]: ci-info: +--------+------+----------------------------+---------------+--------+-------------------+
[   76.492436] cloud-init[955]: ci-info: | enp0s3 | True |         10.0.2.15          | 255.255.255.0 | global | 02:fb:a8:4c:29:d0 |
[[0;32m  OK  [0m] Reached target System Initialization.
[[   76.492558] cloud-init[955]: ci-info: | enp0s3 | True | fe80::fb:a8ff:fe4c:29d0/64 |       .       |  link  | 02:fb:a8:4c:29:d0 |
[   76.732693] cloud-init[955]: ci-info: |   lo   | True |         127.0.0.1          |   255.0.0.0   |  host  |         .         |
[0;32m  OK  [0m] Listening on UUID daemon activation socket.
[   76.732754]          Starting Socket activation for snappy daemon.
cloud-init[955]: ci-info: |   lo   | True |          ::1/128           |       .       |  host  |         .         |
[   77.080245] cloud-init[955]: ci-info: +--------+------+----------------------------+---------------+--------+-------------------+
[   77.208251] cloud-init[955]: ci-info: +++++++++++++++++++++++++++Route IPv4 info++++++++++++++++++++++++++++
[   77.283496] cloud-init[955]: ci-info: +-------+-------------+----------+---------------+-----------+-------+
[   77.283771] cloud-init[955]: ci-info: | Route | Destination | Gateway  |    Genmask    | Interface | Flags |
[[0;32m  OK  [0m] Started Daily Cleanup of Temporary Directories.
[[   77.283883] cloud-init[955]: ci-info: +-------+-------------+----------+---------------+-----------+-------+
[   77.572889] cloud-init[955]: ci-info: |   0   |   0.0.0.0   | 10.0.2.2 |    0.0.0.0    |   enp0s3  |   UG  |
[0;32m  OK  [0m] Listening on ACPID Listen Socket.
[[   77.572971] cloud-init[955]: ci-info: |   1   |   10.0.2.0  | 0.0.0.0  | 255.255.255.0 |   enp0s3  |   U   |
[0;32m  OK  [0m] Listening on D-Bus System Message Bus Socket.
[   77.816525] cloud-init[955]: ci-info: +-------+-------------+----------+---------------+-----------+-------+
[   78.036208] cloud-init[955]: ci-info: +++++++++++++++++++Route IPv6 info+++++++++++++++++++
[   78.036418] cloud-init[955]: ci-info: +-------+-------------+---------+-----------+-------+
[[0;32m  OK  [0m] Started Daily apt download activities.
[[   78.036524] cloud-init[955]: ci-info: | Route | Destination | Gateway | Interface | Flags |
[   78.180785] cloud-init[955]: ci-info: +-------+-------------+---------+-----------+-------+
[0;32m  OK  [0m] Started Daily apt upgrade and clean activities.
[[0;32m  OK  [0m] Reached target Timers.
[   78.180851] cloud-init[955]: ci-info: |   0   |  fe80::/64  |    ::   |   enp0s3  |   U   |
[   78.484132] cloud-init[955]: ci-info: |   3   |   ff00::/8  |    ::   |   enp0s3  |   U   |
[   78.484344] cloud-init[955]: ci-info: +-------+-------------+---------+-----------+-------+
         Starting LXD - unix socket.
[[0;32m  OK  [0m] Started ACPI Events Check.
[[0;32m  OK  [0m] Reached target Paths.
[[0;32m  OK  [0m] Reached target Cloud-config availability.
[[0;32m  OK  [0m] Reached target Network is Online.
         Starting iSCSI initiator daemon (iscsid)...
[[0;32m  OK  [0m] Listening on Socket activation for snappy daemon.
[[0;32m  OK  [0m] Listening on LXD - unix socket.
[[0;32m  OK  [0m] Reached target Sockets.
[[0;32m  OK  [0m] Reached target Basic System.
[[0;32m  OK  [0m] Started D-Bus System Message Bus.
         Starting Virtualbox guest utils...
[[0;32m  OK  [0m] Started Unattended Upgrades Shutdown.
         Starting Accounts Service...
[[0;32m  OK  [0m] Started ACPI event daemon.
         Starting /etc/rc.local Compatibility...
         Starting OpenBSD Secure Shell server...
[[0;32m  OK  [0m] Started Deferred execution scheduler.
[[0;32m  OK  [0m] Started Regular background program processing daemon.
[[0;32m  OK  [0m] Started FUSE filesystem for LXC.
         Starting Login Service...
         Starting LSB: MD monitoring daemon...
         Starting System Logging Service...
         Starting LXD - container startup/shutdown...
         Starting LSB: Record successful boot for GRUB...
         Starting Snappy daemon...
[[0;32m  OK  [0m] Started OpenBSD Secure Shell server.
[[0;32m  OK  [0m] Started System Logging Service.
[[0;32m  OK  [0m] Started iSCSI initiator daemon (iscsid).
[[0;32m  OK  [0m] Started /etc/rc.local Compatibility.
[[0;32m  OK  [0m] Started LXD - container startup/shutdown.
         Starting Authenticate and Authorize Users to Run Privileged Tasks...
         Starting Login to default iSCSI targets...
[[0;32m  OK  [0m] Started Snappy daemon.
[[0;32m  OK  [0m] Started Virtualbox guest utils.
[[0;32m  OK  [0m] Started LSB: MD monitoring daemon.
[[0;32m  OK  [0m] Started LSB: Record successful boot for GRUB.
[[0;32m  OK  [0m] Started Login Service.
[[0;32m  OK  [0m] Started Authenticate and Authorize Users to Run Privileged Tasks.
[[0;32m  OK  [0m] Started Accounts Service.
         Starting Wait until snapd is fully seeded...
[[0;32m  OK  [0m] Started Wait until snapd is fully seeded.
         Starting Apply the settings specified in cloud-config...
[[0;32m  OK  [0m] Started Login to default iSCSI targets.
[[0;32m  OK  [0m] Reached target Remote File Systems (Pre).
[[0;32m  OK  [0m] Reached target Remote File Systems.
         Starting LSB: Apache2 web server...
         Starting LSB: Set the CPU Frequency Scaling governor to "ondemand"...
         Starting Permit User Sessions...
         Starting LSB: daemon to balance interrupts for SMP systems...
         Starting LSB: automatic crash report generation...
[   81.117942] cloud-init[1137]: Cloud-init v. 18.3-9-g2e62cb8a-0ubuntu1~16.04.2 running 'modules:config' at Mon, 24 Sep 2018 22:41:53 +0000. Up 81.02 seconds.
[[0;32m  OK  [0m] Started Permit User Sessions.
[[0;32m  OK  [0m] Started Apply the settings specified in cloud-config.
[[0;32m  OK  [0m] Created slice User Slice of vagrant.
         Starting User Manager for UID 1000...
[[0;32m  OK  [0m] Started Session 1 of user vagrant.
         Starting Hold until boot process finishes up...
         Starting Terminate Plymouth Boot Screen...
[[0;32m  OK  [0m] Started User Manager for UID 1000.
[[0;32m  OK  [0m] Started LSB: Set the CPU Frequency Scaling governor to "ondemand".
[[0;32m  OK  [0m] Started LSB: daemon to balance interrupts for SMP systems.
[[0;32m  OK  [0m] Started LSB: automatic crash report generation.
[[0;32m  OK  [0m] Started Hold until boot process finishes up.
[[0;32m  OK  [0m] Started Terminate Plymouth Boot Screen.
[[0;32m  OK  [0m] Started Serial Getty on ttyS0.
[[0;32m  OK  [0m] Started Getty on tty1.
[[0;32m  OK  [0m] Reached target Login Prompts.
         Starting Set console scheme...
[[0;32m  OK  [0m] Started Set console scheme.
[[0;32m  OK  [0m] Started LSB: Apache2 web server.
[[0;32m  OK  [0m] Reached target Multi-User System.
         Starting Execute cloud user/final scripts...
[[0;32m  OK  [0m] Reached target Graphical Interface.
         Starting Update UTMP about System Runlevel Changes...
[[0;32m  OK  [0m] Started Update UTMP about System Runlevel Changes.
[   82.923481] cloud-init[1310]: Cloud-init v. 18.3-9-g2e62cb8a-0ubuntu1~16.04.2 running 'modules:final' at Mon, 24 Sep 2018 22:41:54 +0000. Up 82.82 seconds.
[   83.051161] [cloud-init[0;32m  OK  [0m[1310]: ] Cloud-init v. 18.3-9-g2e62cb8a-0ubuntu1~16.04.2 finished at Mon, 24 Sep 2018 22:41:55 +0000. Datasource DataSourceNoCloud [seed=/dev/sdb][dsmode=net].  Up 82.91 secondsStarted Execute cloud user/final scripts.

[[0;32m  OK  [0m] Reached target Cloud-init target.

Ubuntu 16.04.5 LTS ubuntu-xenial ttyS0

ubuntu-xenial login: 